// Jest Snapshot v1, https://goo.gl/fbAQLP

exports[`Should send CORS headers 1`] = `
Object {
  "access-control-allow-credentials": "true",
  "access-control-allow-headers": "X-Requested-With,Access-Control-Allow-Origin,X-HTTP-Method-Override,Content-Type,Authorization,Accept",
  "access-control-allow-methods": "POST,GET,PUT,PATCH,DELETE,OPTIONS",
  "access-control-allow-origin": "*",
}
`;

exports[`Should send a custom cache-control header if specified 1`] = `"public, max-age=0, s-maxage=666, stale-while-revalidate=31536000, stale-if-error=31536000"`;

exports[`Should send a long cache-control header if not json or html 1`] = `"public, max-age=31536000"`;

exports[`Should send a short cache-control header if json or html 1`] = `"public, max-age=0, s-maxage=180, stale-while-revalidate=31536000, stale-if-error=31536000"`;
